C:\Users\kingofgeorgia\Documents\GitHub\mileon_parsing\.venv\Scripts\python.exe: No module named uvicorn
INFO:     Will watch for changes in these directories: ['C:\\Users\\kingofgeorgia\\Documents\\GitHub\\mileon_parsing']
INFO:     Uvicorn running on http://127.0.0.1:8000 (Press CTRL+C to quit)
INFO:     Started reloader process [6640] using StatReload
Process SpawnProcess-1:
Traceback (most recent call last):
  File "C:\Users\kingofgeorgia\AppData\Local\Python\pythoncore-3.14-64\Lib\multiprocessing\process.py", line 320, in _bootstrap
    self.run()
    ~~~~~~~~^^
  File "C:\Users\kingofgeorgia\AppData\Local\Python\pythoncore-3.14-64\Lib\multiprocessing\process.py", line 108, in run
    self._target(*self._args, **self._kwargs)
    ~~~~~~~~~~~~^^^^^^^^^^^^^^^^^^^^^^^^^^^^^
  File "C:\Users\kingofgeorgia\Documents\GitHub\mileon_parsing\.venv\Lib\site-packages\uvicorn\_subprocess.py", line 80, in subprocess_started
    target(sockets=sockets)
    ~~~~~~^^^^^^^^^^^^^^^^^
  File "C:\Users\kingofgeorgia\Documents\GitHub\mileon_parsing\.venv\Lib\site-packages\uvicorn\server.py", line 67, in run
    return asyncio_run(self.serve(sockets=sockets), loop_factory=self.config.get_loop_factory())
  File "C:\Users\kingofgeorgia\AppData\Local\Python\pythoncore-3.14-64\Lib\asyncio\runners.py", line 204, in run
    return runner.run(main)
           ~~~~~~~~~~^^^^^^
  File "C:\Users\kingofgeorgia\AppData\Local\Python\pythoncore-3.14-64\Lib\asyncio\runners.py", line 127, in run
    return self._loop.run_until_complete(task)
           ~~~~~~~~~~~~~~~~~~~~~~~~~~~~~^^^^^^
  File "C:\Users\kingofgeorgia\AppData\Local\Python\pythoncore-3.14-64\Lib\asyncio\base_events.py", line 719, in run_until_complete
    return future.result()
           ~~~~~~~~~~~~~^^
  File "C:\Users\kingofgeorgia\Documents\GitHub\mileon_parsing\.venv\Lib\site-packages\uvicorn\server.py", line 71, in serve
    await self._serve(sockets)
  File "C:\Users\kingofgeorgia\Documents\GitHub\mileon_parsing\.venv\Lib\site-packages\uvicorn\server.py", line 78, in _serve
    config.load()
    ~~~~~~~~~~~^^
  File "C:\Users\kingofgeorgia\Documents\GitHub\mileon_parsing\.venv\Lib\site-packages\uvicorn\config.py", line 439, in load
    self.loaded_app = import_from_string(self.app)
                      ~~~~~~~~~~~~~~~~~~^^^^^^^^^^
  File "C:\Users\kingofgeorgia\Documents\GitHub\mileon_parsing\.venv\Lib\site-packages\uvicorn\importer.py", line 22, in import_from_string
    raise exc from None
  File "C:\Users\kingofgeorgia\Documents\GitHub\mileon_parsing\.venv\Lib\site-packages\uvicorn\importer.py", line 19, in import_from_string
    module = importlib.import_module(module_str)
  File "C:\Users\kingofgeorgia\AppData\Local\Python\pythoncore-3.14-64\Lib\importlib\__init__.py", line 88, in import_module
    return _bootstrap._gcd_import(name[level:], package, level)
           ~~~~~~~~~~~~~~~~~~~~~~^^^^^^^^^^^^^^^^^^^^^^^^^^^^^^
  File "<frozen importlib._bootstrap>", line 1398, in _gcd_import
  File "<frozen importlib._bootstrap>", line 1371, in _find_and_load
  File "<frozen importlib._bootstrap>", line 1342, in _find_and_load_unlocked
  File "<frozen importlib._bootstrap>", line 938, in _load_unlocked
  File "<frozen importlib._bootstrap_external>", line 759, in exec_module
  File "<frozen importlib._bootstrap>", line 491, in _call_with_frames_removed
  File "C:\Users\kingofgeorgia\Documents\GitHub\mileon_parsing\mileon_saas\api\main.py", line 1, in <module>
    from fastapi import Depends, FastAPI, HTTPException, Request
ModuleNotFoundError: No module named 'fastapi'
INFO:     Will watch for changes in these directories: ['C:\\Users\\kingofgeorgia\\Documents\\GitHub\\mileon_parsing']
INFO:     Uvicorn running on http://127.0.0.1:8000 (Press CTRL+C to quit)
INFO:     Started reloader process [5444] using StatReload
INFO:     Started server process [33680]
INFO:     Waiting for application startup.
INFO:     Application startup complete.
WARNING:  StatReload detected changes in 'mileon_saas\gui\main.py'. Reloading...
 INFO:     Shutting down
INFO:     Waiting for application shutdown.
INFO:     Application shutdown complete.
INFO:     Finished server process [33680]
INFO:     Will watch for changes in these directories: ['C:\\Users\\kingofgeorgia\\Documents\\GitHub\\mileon_parsing']
INFO:     Uvicorn running on http://127.0.0.1:8000 (Press CTRL+C to quit)
INFO:     Started reloader process [13252] using StatReload
INFO:     Started server process [25504]
INFO:     Waiting for application startup.
INFO:     Application startup complete.
INFO:     Will watch for changes in these directories: ['C:\\Users\\kingofgeorgia\\Documents\\GitHub\\mileon_parsing']
INFO:     Uvicorn running on http://127.0.0.1:8000 (Press CTRL+C to quit)
INFO:     Started reloader process [8904] using StatReload
INFO:     Started server process [1060]
INFO:     Waiting for application startup.
INFO:     Application startup complete.
WARNING:  StatReload detected changes in 'mileon_saas\gui\main.py'. Reloading...
 INFO:     Shutting down
INFO:     Waiting for application shutdown.
INFO:     Application shutdown complete.
INFO:     Finished server process [1060]
INFO:     Started server process [23376]
INFO:     Waiting for application startup.
INFO:     Application startup complete.
WARNING:  StatReload detected changes in 'mileon_saas\services\full_site_parser.py'. Reloading...
 INFO:     127.0.0.1:64426 - "GET /api/listings?company_id=1&with_scores=true HTTP/1.1" 200 OK
INFO:     127.0.0.1:55456 - "GET /api/listings?company_id=1&with_scores=true HTTP/1.1" 200 OK
INFO:     127.0.0.1:50170 - "GET /api/listings?company_id=1&with_scores=true HTTP/1.1" 200 OK
